[bwa_aln] 17bp reads: max_diff = 2
[bwa_aln] 22bp reads: max_diff = 3
[bwa_aln] 42bp reads: max_diff = 4
[bwa_aln] 64bp reads: max_diff = 5
[bwa_aln] 90bp reads: max_diff = 6
[bwa_aln] 117bp reads: max_diff = 7
[bwa_aln] 146bp reads: max_diff = 8
[bwa_aln] 176bp reads: max_diff = 9
[bwa_aln] 207bp reads: max_diff = 10
[bwa_aln] 239bp reads: max_diff = 11
[bwa_aln] fail to locate the index
[bwa_sai2sam_se] fail to locate the index
[main_samview] fail to read the header from "/home/hxk728/git/fossil-c/data/joe/bwa_results/FHU_D16_B04p_no-hit.fastq@Trex_vessels_scaffolds_len10k.sam".
[W::hts_set_opt] Cannot change block size for this format
samtools sort: failed to read header from "-"
Step 1: Mark Duplicates
Using GATK jar /mnt/vstor/SOM_GENE_BEG33/fossil-c/bigdata/gatk/gatk-4.6.2.0/gatk-package-4.6.2.0-local.jar
Running:
    java -Dsamjdk.use_async_io_read_samtools=false -Dsamjdk.use_async_io_write_samtools=true -Dsamjdk.use_async_io_write_tribble=false -Dsamjdk.compression_level=2 -Xmx32G -jar /mnt/vstor/SOM_GENE_BEG33/fossil-c/bigdata/gatk/gatk-4.6.2.0/gatk-package-4.6.2.0-local.jar MarkDuplicates -I /home/hxk728/git/fossil-c/data/joe/bwa_results/FHU_D16_B04p_no-hit.fastq@Trex_vessels_scaffolds_len10k.bam -O /home/hxk728/git/fossil-c/data/joe/bwa_results/FHU_D16_B04p_no-hit.fastq@Trex_vessels_scaffolds_len10k.dedup.bam -M /home/hxk728/git/fossil-c/data/joe/bwa_results/FHU_D16_B04p_no-hit.fastq@Trex_vessels_scaffolds_len10k.dedup.metrics.txt --REMOVE_DUPLICATES true
14:26:00.163 INFO  NativeLibraryLoader - Loading libgkl_compression.so from jar:file:/mnt/vstor/SOM_GENE_BEG33/fossil-c/bigdata/gatk/gatk-4.6.2.0/gatk-package-4.6.2.0-local.jar!/com/intel/gkl/native/libgkl_compression.so
[Wed Mar 04 14:26:00 EST 2026] MarkDuplicates --INPUT /home/hxk728/git/fossil-c/data/joe/bwa_results/FHU_D16_B04p_no-hit.fastq@Trex_vessels_scaffolds_len10k.bam --OUTPUT /home/hxk728/git/fossil-c/data/joe/bwa_results/FHU_D16_B04p_no-hit.fastq@Trex_vessels_scaffolds_len10k.dedup.bam --METRICS_FILE /home/hxk728/git/fossil-c/data/joe/bwa_results/FHU_D16_B04p_no-hit.fastq@Trex_vessels_scaffolds_len10k.dedup.metrics.txt --REMOVE_DUPLICATES true --MAX_SEQUENCES_FOR_DISK_READ_ENDS_MAP 50000 --MAX_FILE_HANDLES_FOR_READ_ENDS_MAP 8000 --SORTING_COLLECTION_SIZE_RATIO 0.25 --TAG_DUPLICATE_SET_MEMBERS false --REMOVE_SEQUENCING_DUPLICATES false --TAGGING_POLICY DontTag --CLEAR_DT true --DUPLEX_UMI false --FLOW_MODE false --FLOW_DUP_STRATEGY FLOW_QUALITY_SUM_STRATEGY --FLOW_USE_END_IN_UNPAIRED_READS false --FLOW_USE_UNPAIRED_CLIPPED_END false --FLOW_UNPAIRED_END_UNCERTAINTY 0 --FLOW_UNPAIRED_START_UNCERTAINTY 0 --FLOW_SKIP_FIRST_N_FLOWS 0 --FLOW_Q_IS_KNOWN_END false --FLOW_EFFECTIVE_QUALITY_THRESHOLD 15 --ADD_PG_TAG_TO_READS true --ASSUME_SORTED false --DUPLICATE_SCORING_STRATEGY SUM_OF_BASE_QUALITIES --PROGRAM_RECORD_ID MarkDuplicates --PROGRAM_GROUP_NAME MarkDuplicates --READ_NAME_REGEX <optimized capture of last three ':' separated fields as numeric values> --OPTICAL_DUPLICATE_PIXEL_DISTANCE 100 --MAX_OPTICAL_DUPLICATE_SET_SIZE 300000 --VERBOSITY INFO --QUIET false --VALIDATION_STRINGENCY STRICT --COMPRESSION_LEVEL 2 --MAX_RECORDS_IN_RAM 500000 --CREATE_INDEX false --CREATE_MD5_FILE false --help false --version false --showHidden false --USE_JDK_DEFLATER false --USE_JDK_INFLATER false
[Wed Mar 04 14:26:00 EST 2026] Executing as hxk728@compt376 on Linux 4.18.0-553.el8_10.x86_64 amd64; OpenJDK 64-Bit Server VM 17.0.15-internal+0-adhoc..src; Deflater: Intel; Inflater: Intel; Provider GCS is available; Picard version: Version:4.6.2.0
INFO	2026-03-04 14:26:00	MarkDuplicates	Start of doWork freeMemory: 87116736; totalMemory: 117440512; maxMemory: 34359738368
INFO	2026-03-04 14:26:00	MarkDuplicates	Reading input file and constructing read end information.
INFO	2026-03-04 14:26:00	MarkDuplicates	Will retain up to 124491805 data points before spilling to disk.
INFO	2026-03-04 14:26:00	MarkDuplicates	Read 0 records. 0 pairs never matched.
INFO	2026-03-04 14:26:00	MarkDuplicates	After buildSortedReadEndLists freeMemory: 1421758808; totalMemory: 3472883712; maxMemory: 34359738368
INFO	2026-03-04 14:26:00	MarkDuplicates	Will retain up to 1073741824 duplicate indices before spilling to disk.
INFO	2026-03-04 14:26:02	MarkDuplicates	Traversing read pair information and detecting duplicates.
INFO	2026-03-04 14:26:02	MarkDuplicates	Traversing fragment information and detecting duplicates.
INFO	2026-03-04 14:26:02	MarkDuplicates	Sorting list of duplicate records.
INFO	2026-03-04 14:26:02	MarkDuplicates	After generateDuplicateIndexes freeMemory: 9206385128; totalMemory: 17850957824; maxMemory: 34359738368
INFO	2026-03-04 14:26:02	MarkDuplicates	Marking 0 records as duplicates.
INFO	2026-03-04 14:26:02	MarkDuplicates	Found 0 optical duplicate clusters.
INFO	2026-03-04 14:26:02	MarkDuplicates	Reads are assumed to be ordered by: unsorted
[Wed Mar 04 14:26:02 EST 2026] picard.sam.markduplicates.MarkDuplicates done. Elapsed time: 0.03 minutes.
Runtime.totalMemory()=17850957824
To get help, see http://broadinstitute.github.io/picard/index.html#GettingHelp
picard.PicardException: This program requires input that are either coordinate or query sorted (according to the header, or at least ASSUME_SORT_ORDER and the content.) Found ASSUME_SORT_ORDER=null and header sortorder=unsorted
	at picard.sam.markduplicates.MarkDuplicates.doWork(MarkDuplicates.java:301)
	at picard.cmdline.CommandLineProgram.instanceMain(CommandLineProgram.java:281)
	at org.broadinstitute.hellbender.cmdline.PicardCommandLineProgramExecutor.instanceMain(PicardCommandLineProgramExecutor.java:37)
	at org.broadinstitute.hellbender.Main.runCommandLineProgram(Main.java:166)
	at org.broadinstitute.hellbender.Main.mainEntry(Main.java:209)
	at org.broadinstitute.hellbender.Main.main(Main.java:306)
Step 2: Add or Replace Read Groups
Using GATK jar /mnt/vstor/SOM_GENE_BEG33/fossil-c/bigdata/gatk/gatk-4.6.2.0/gatk-package-4.6.2.0-local.jar
Running:
    java -Dsamjdk.use_async_io_read_samtools=false -Dsamjdk.use_async_io_write_samtools=true -Dsamjdk.use_async_io_write_tribble=false -Dsamjdk.compression_level=2 -Xmx16G -jar /mnt/vstor/SOM_GENE_BEG33/fossil-c/bigdata/gatk/gatk-4.6.2.0/gatk-package-4.6.2.0-local.jar AddOrReplaceReadGroups -I /home/hxk728/git/fossil-c/data/joe/bwa_results/FHU_D16_B04p_no-hit.fastq@Trex_vessels_scaffolds_len10k.dedup.bam -O /home/hxk728/git/fossil-c/data/joe/bwa_results/FHU_D16_B04p_no-hit.fastq@Trex_vessels_scaffolds_len10k.dedup.rg.bam -RGID FHU_D16_B04p_no-hit.fastq@Trex_vessels_scaffolds_len10k -RGLB lib1 -RGPL illumina -RGPU unit1 -RGSM FHU_D16_B04p_no-hit.fastq@Trex_vessels_scaffolds_len10k
14:26:03.692 INFO  NativeLibraryLoader - Loading libgkl_compression.so from jar:file:/mnt/vstor/SOM_GENE_BEG33/fossil-c/bigdata/gatk/gatk-4.6.2.0/gatk-package-4.6.2.0-local.jar!/com/intel/gkl/native/libgkl_compression.so
[Wed Mar 04 14:26:03 EST 2026] AddOrReplaceReadGroups --INPUT /home/hxk728/git/fossil-c/data/joe/bwa_results/FHU_D16_B04p_no-hit.fastq@Trex_vessels_scaffolds_len10k.dedup.bam --OUTPUT /home/hxk728/git/fossil-c/data/joe/bwa_results/FHU_D16_B04p_no-hit.fastq@Trex_vessels_scaffolds_len10k.dedup.rg.bam --RGID FHU_D16_B04p_no-hit.fastq@Trex_vessels_scaffolds_len10k --RGLB lib1 --RGPL illumina --RGPU unit1 --RGSM FHU_D16_B04p_no-hit.fastq@Trex_vessels_scaffolds_len10k --VERBOSITY INFO --QUIET false --VALIDATION_STRINGENCY STRICT --COMPRESSION_LEVEL 2 --MAX_RECORDS_IN_RAM 500000 --CREATE_INDEX false --CREATE_MD5_FILE false --help false --version false --showHidden false --USE_JDK_DEFLATER false --USE_JDK_INFLATER false
[Wed Mar 04 14:26:03 EST 2026] Executing as hxk728@compt376 on Linux 4.18.0-553.el8_10.x86_64 amd64; OpenJDK 64-Bit Server VM 17.0.15-internal+0-adhoc..src; Deflater: Intel; Inflater: Intel; Provider GCS is available; Picard version: Version:4.6.2.0
[Wed Mar 04 14:26:03 EST 2026] picard.sam.AddOrReplaceReadGroups done. Elapsed time: 0.00 minutes.
Runtime.totalMemory()=201326592
To get help, see http://broadinstitute.github.io/picard/index.html#GettingHelp
htsjdk.samtools.SAMException: Cannot read non-existent file: file:///home/hxk728/git/fossil-c/data/joe/bwa_results/FHU_D16_B04p_no-hit.fastq@Trex_vessels_scaffolds_len10k.dedup.bam
	at htsjdk.samtools.util.IOUtil.assertFileIsReadable(IOUtil.java:498)
	at htsjdk.samtools.util.IOUtil.assertFileIsReadable(IOUtil.java:485)
	at htsjdk.samtools.util.IOUtil.assertInputIsValid(IOUtil.java:461)
	at picard.sam.AddOrReplaceReadGroups.doWork(AddOrReplaceReadGroups.java:147)
	at picard.cmdline.CommandLineProgram.instanceMain(CommandLineProgram.java:281)
	at org.broadinstitute.hellbender.cmdline.PicardCommandLineProgramExecutor.instanceMain(PicardCommandLineProgramExecutor.java:37)
	at org.broadinstitute.hellbender.Main.runCommandLineProgram(Main.java:166)
	at org.broadinstitute.hellbender.Main.mainEntry(Main.java:209)
	at org.broadinstitute.hellbender.Main.main(Main.java:306)
Step 3: Index BAM
[E::hts_open_format] Failed to open file "/home/hxk728/git/fossil-c/data/joe/bwa_results/FHU_D16_B04p_no-hit.fastq@Trex_vessels_scaffolds_len10k.dedup.rg.bam" : No such file or directory
samtools index: failed to open "/home/hxk728/git/fossil-c/data/joe/bwa_results/FHU_D16_B04p_no-hit.fastq@Trex_vessels_scaffolds_len10k.dedup.rg.bam": No such file or directory
Step 4: HaplotypeCaller (GVCF mode)
Using GATK jar /mnt/vstor/SOM_GENE_BEG33/fossil-c/bigdata/gatk/gatk-4.6.2.0/gatk-package-4.6.2.0-local.jar
Running:
    java -Dsamjdk.use_async_io_read_samtools=false -Dsamjdk.use_async_io_write_samtools=true -Dsamjdk.use_async_io_write_tribble=false -Dsamjdk.compression_level=2 -Xmx32G -jar /mnt/vstor/SOM_GENE_BEG33/fossil-c/bigdata/gatk/gatk-4.6.2.0/gatk-package-4.6.2.0-local.jar HaplotypeCaller -R /mnt/vstor/SOM_GENE_BEG33/fossil-c/bigdata/bwa/idx/Trex_vessels_scaffolds_len10k.fa.sa -I /home/hxk728/git/fossil-c/data/joe/bwa_results/FHU_D16_B04p_no-hit.fastq@Trex_vessels_scaffolds_len10k.dedup.rg.bam -O /home/hxk728/git/fossil-c/data/joe/bwa_results/FHU_D16_B04p_no-hit.fastq@Trex_vessels_scaffolds_len10k.g.vcf.gz -ERC GVCF --sample-name FHU_D16_B04p_no-hit.fastq@Trex_vessels_scaffolds_len10k --native-pair-hmm-threads 16 --bam-output /home/hxk728/git/fossil-c/data/joe/bwa_results/FHU_D16_B04p_no-hit.fastq@Trex_vessels_scaffolds_len10k.final.bam
14:26:05.778 INFO  NativeLibraryLoader - Loading libgkl_compression.so from jar:file:/mnt/vstor/SOM_GENE_BEG33/fossil-c/bigdata/gatk/gatk-4.6.2.0/gatk-package-4.6.2.0-local.jar!/com/intel/gkl/native/libgkl_compression.so
14:26:05.902 INFO  HaplotypeCaller - ------------------------------------------------------------
14:26:05.905 INFO  HaplotypeCaller - The Genome Analysis Toolkit (GATK) v4.6.2.0
14:26:05.905 INFO  HaplotypeCaller - For support and documentation go to https://software.broadinstitute.org/gatk/
14:26:05.905 INFO  HaplotypeCaller - Executing as hxk728@compt376 on Linux v4.18.0-553.el8_10.x86_64 amd64
14:26:05.905 INFO  HaplotypeCaller - Java runtime: OpenJDK 64-Bit Server VM v17.0.15-internal+0-adhoc..src
14:26:05.905 INFO  HaplotypeCaller - Start Date/Time: March 4, 2026 at 2:26:05 PM EST
14:26:05.905 INFO  HaplotypeCaller - ------------------------------------------------------------
14:26:05.905 INFO  HaplotypeCaller - ------------------------------------------------------------
14:26:05.906 INFO  HaplotypeCaller - HTSJDK Version: 4.2.0
14:26:05.906 INFO  HaplotypeCaller - Picard Version: 3.4.0
14:26:05.906 INFO  HaplotypeCaller - Built for Spark Version: 3.5.0
14:26:05.907 INFO  HaplotypeCaller - HTSJDK Defaults.COMPRESSION_LEVEL : 2
14:26:05.908 INFO  HaplotypeCaller - HTSJDK Defaults.USE_ASYNC_IO_READ_FOR_SAMTOOLS : false
14:26:05.908 INFO  HaplotypeCaller - HTSJDK Defaults.USE_ASYNC_IO_WRITE_FOR_SAMTOOLS : true
14:26:05.908 INFO  HaplotypeCaller - HTSJDK Defaults.USE_ASYNC_IO_WRITE_FOR_TRIBBLE : false
14:26:05.908 INFO  HaplotypeCaller - Deflater: IntelDeflater
14:26:05.908 INFO  HaplotypeCaller - Inflater: IntelInflater
14:26:05.908 INFO  HaplotypeCaller - GCS max retries/reopens: 20
14:26:05.908 INFO  HaplotypeCaller - Requester pays: disabled
14:26:05.908 INFO  HaplotypeCaller - Initializing engine
14:26:05.910 INFO  HaplotypeCaller - Shutting down engine
[March 4, 2026 at 2:26:05 PM EST] org.broadinstitute.hellbender.tools.walkers.haplotypecaller.HaplotypeCaller done. Elapsed time: 0.00 minutes.
Runtime.totalMemory()=167772160
java.lang.IllegalArgumentException: File is not a supported reference file type: /mnt/vstor/SOM_GENE_BEG33/fossil-c/bigdata/bwa/idx/Trex_vessels_scaffolds_len10k.fa.sa
	at htsjdk.samtools.reference.ReferenceSequenceFileFactory.lambda$getFastaExtension$0(ReferenceSequenceFileFactory.java:253)
	at java.base/java.util.Optional.orElseGet(Optional.java:364)
	at htsjdk.samtools.reference.ReferenceSequenceFileFactory.getFastaExtension(ReferenceSequenceFileFactory.java:253)
	at htsjdk.samtools.reference.ReferenceSequenceFileFactory.getDefaultDictionaryForReferenceSequence(ReferenceSequenceFileFactory.java:223)
	at org.broadinstitute.hellbender.utils.fasta.CachingIndexedFastaSequenceFile.checkFastaPath(CachingIndexedFastaSequenceFile.java:184)
	at org.broadinstitute.hellbender.utils.fasta.CachingIndexedFastaSequenceFile.<init>(CachingIndexedFastaSequenceFile.java:147)
	at org.broadinstitute.hellbender.utils.fasta.CachingIndexedFastaSequenceFile.<init>(CachingIndexedFastaSequenceFile.java:129)
	at org.broadinstitute.hellbender.utils.fasta.CachingIndexedFastaSequenceFile.<init>(CachingIndexedFastaSequenceFile.java:114)
	at org.broadinstitute.hellbender.engine.ReferenceFileSource.<init>(ReferenceFileSource.java:35)
	at org.broadinstitute.hellbender.engine.ReferenceDataSource.of(ReferenceDataSource.java:27)
	at org.broadinstitute.hellbender.engine.GATKTool.initializeReference(GATKTool.java:449)
	at org.broadinstitute.hellbender.engine.GATKTool.onStartup(GATKTool.java:732)
	at org.broadinstitute.hellbender.engine.AssemblyRegionWalker.onStartup(AssemblyRegionWalker.java:79)
	at org.broadinstitute.hellbender.cmdline.CommandLineProgram.runTool(CommandLineProgram.java:148)
	at org.broadinstitute.hellbender.cmdline.CommandLineProgram.instanceMainPostParseArgs(CommandLineProgram.java:203)
	at org.broadinstitute.hellbender.cmdline.CommandLineProgram.instanceMain(CommandLineProgram.java:222)
	at org.broadinstitute.hellbender.Main.runCommandLineProgram(Main.java:166)
	at org.broadinstitute.hellbender.Main.mainEntry(Main.java:209)
	at org.broadinstitute.hellbender.Main.main(Main.java:306)
[E::hts_open_format] Failed to open file "/home/hxk728/git/fossil-c/data/joe/bwa_results/FHU_D16_B04p_no-hit.fastq@Trex_vessels_scaffolds_len10k.final.bam" : No such file or directory
samtools index: failed to open "/home/hxk728/git/fossil-c/data/joe/bwa_results/FHU_D16_B04p_no-hit.fastq@Trex_vessels_scaffolds_len10k.final.bam": No such file or directory
Done! Output GVCF: /home/hxk728/git/fossil-c/data/joe/bwa_results/FHU_D16_B04p_no-hit.fastq@Trex_vessels_scaffolds_len10k.g.vcf.gz
Done! Output BAM: /home/hxk728/git/fossil-c/data/joe/bwa_results/FHU_D16_B04p_no-hit.fastq@Trex_vessels_scaffolds_len10k.final.bam
