[bwa_aln] 17bp reads: max_diff = 2
[bwa_aln] 22bp reads: max_diff = 3
[bwa_aln] 42bp reads: max_diff = 4
[bwa_aln] 64bp reads: max_diff = 5
[bwa_aln] 90bp reads: max_diff = 6
[bwa_aln] 117bp reads: max_diff = 7
[bwa_aln] 146bp reads: max_diff = 8
[bwa_aln] 176bp reads: max_diff = 9
[bwa_aln] 207bp reads: max_diff = 10
[bwa_aln] 239bp reads: max_diff = 11
[bwa_aln_core] calculate SA coordinate... 15.56 sec
[bwa_aln_core] write to the disk... 0.00 sec
[bwa_aln_core] 12006 sequences have been processed.
[main] Version: 0.7.19-r1273
[main] CMD: bwa aln -t 24 -n 0.01 -l 1000 -o 2 /mnt/vstor/SOM_GENE_BEG33/fossil-c/bigdata/bwa/idx/Brachy_cells_scaffolds_len10k.fa /home/hxk728/git/fossil-c/data/joe/FHU_D16_B03p_no-hit.fastq
[main] Real time: 2.532 sec; CPU: 15.735 sec
[bwa_aln_core] convert to sequence coordinate... 0.20 sec
[bwa_aln_core] refine gapped alignments... 0.04 sec
[bwa_aln_core] print alignments... 0.01 sec
[bwa_aln_core] 12006 sequences have been processed.
[main] Version: 0.7.19-r1273
[main] CMD: bwa samse -f /home/hxk728/git/fossil-c/data/joe/bwa_results/FHU_D16_B03p_no-hit@Brachy_cells_scaffolds_len10k.sam /mnt/vstor/SOM_GENE_BEG33/fossil-c/bigdata/bwa/idx/Brachy_cells_scaffolds_len10k.fa /home/hxk728/git/fossil-c/data/joe/bwa_results/FHU_D16_B03p_no-hit@Brachy_cells_scaffolds_len10k.sai /home/hxk728/git/fossil-c/data/joe/FHU_D16_B03p_no-hit.fastq
[main] Real time: 0.612 sec; CPU: 0.278 sec
Step 1: Mark Duplicates
Using GATK jar /mnt/vstor/SOM_GENE_BEG33/fossil-c/bigdata/gatk/gatk-4.6.2.0/gatk-package-4.6.2.0-local.jar
Running:
    java -Dsamjdk.use_async_io_read_samtools=false -Dsamjdk.use_async_io_write_samtools=true -Dsamjdk.use_async_io_write_tribble=false -Dsamjdk.compression_level=2 -Xmx32G -jar /mnt/vstor/SOM_GENE_BEG33/fossil-c/bigdata/gatk/gatk-4.6.2.0/gatk-package-4.6.2.0-local.jar MarkDuplicates -I /home/hxk728/git/fossil-c/data/joe/bwa_results/FHU_D16_B03p_no-hit@Brachy_cells_scaffolds_len10k.bam -O /home/hxk728/git/fossil-c/data/joe/bwa_results/FHU_D16_B03p_no-hit@Brachy_cells_scaffolds_len10k.dedup.bam -M /home/hxk728/git/fossil-c/data/joe/bwa_results/FHU_D16_B03p_no-hit@Brachy_cells_scaffolds_len10k.dedup.metrics.txt --REMOVE_DUPLICATES true
15:24:09.679 INFO  NativeLibraryLoader - Loading libgkl_compression.so from jar:file:/mnt/vstor/SOM_GENE_BEG33/fossil-c/bigdata/gatk/gatk-4.6.2.0/gatk-package-4.6.2.0-local.jar!/com/intel/gkl/native/libgkl_compression.so
[Wed Mar 04 15:24:09 EST 2026] MarkDuplicates --INPUT /home/hxk728/git/fossil-c/data/joe/bwa_results/FHU_D16_B03p_no-hit@Brachy_cells_scaffolds_len10k.bam --OUTPUT /home/hxk728/git/fossil-c/data/joe/bwa_results/FHU_D16_B03p_no-hit@Brachy_cells_scaffolds_len10k.dedup.bam --METRICS_FILE /home/hxk728/git/fossil-c/data/joe/bwa_results/FHU_D16_B03p_no-hit@Brachy_cells_scaffolds_len10k.dedup.metrics.txt --REMOVE_DUPLICATES true --MAX_SEQUENCES_FOR_DISK_READ_ENDS_MAP 50000 --MAX_FILE_HANDLES_FOR_READ_ENDS_MAP 8000 --SORTING_COLLECTION_SIZE_RATIO 0.25 --TAG_DUPLICATE_SET_MEMBERS false --REMOVE_SEQUENCING_DUPLICATES false --TAGGING_POLICY DontTag --CLEAR_DT true --DUPLEX_UMI false --FLOW_MODE false --FLOW_DUP_STRATEGY FLOW_QUALITY_SUM_STRATEGY --FLOW_USE_END_IN_UNPAIRED_READS false --FLOW_USE_UNPAIRED_CLIPPED_END false --FLOW_UNPAIRED_END_UNCERTAINTY 0 --FLOW_UNPAIRED_START_UNCERTAINTY 0 --FLOW_SKIP_FIRST_N_FLOWS 0 --FLOW_Q_IS_KNOWN_END false --FLOW_EFFECTIVE_QUALITY_THRESHOLD 15 --ADD_PG_TAG_TO_READS true --ASSUME_SORTED false --DUPLICATE_SCORING_STRATEGY SUM_OF_BASE_QUALITIES --PROGRAM_RECORD_ID MarkDuplicates --PROGRAM_GROUP_NAME MarkDuplicates --READ_NAME_REGEX <optimized capture of last three ':' separated fields as numeric values> --OPTICAL_DUPLICATE_PIXEL_DISTANCE 100 --MAX_OPTICAL_DUPLICATE_SET_SIZE 300000 --VERBOSITY INFO --QUIET false --VALIDATION_STRINGENCY STRICT --COMPRESSION_LEVEL 2 --MAX_RECORDS_IN_RAM 500000 --CREATE_INDEX false --CREATE_MD5_FILE false --help false --version false --showHidden false --USE_JDK_DEFLATER false --USE_JDK_INFLATER false
[Wed Mar 04 15:24:10 EST 2026] Executing as hxk728@compt361 on Linux 4.18.0-553.el8_10.x86_64 amd64; OpenJDK 64-Bit Server VM 17.0.15-internal+0-adhoc..src; Deflater: Intel; Inflater: Intel; Provider GCS is available; Picard version: Version:4.6.2.0
INFO	2026-03-04 15:24:10	MarkDuplicates	Start of doWork freeMemory: 87117648; totalMemory: 117440512; maxMemory: 34359738368
INFO	2026-03-04 15:24:10	MarkDuplicates	Reading input file and constructing read end information.
INFO	2026-03-04 15:24:10	MarkDuplicates	Will retain up to 124491805 data points before spilling to disk.
WARNING	2026-03-04 15:24:10	AbstractOpticalDuplicateFinderCommandLineProgram	A field field parsed out of a read name was expected to contain an integer and did not. Read name: f00961e6-fc11-4344-834f-1ff1768b24a7. Cause: String 'f00961e6-fc11-4344-834f-1ff1768b24a7' did not start with a parsable number.
INFO	2026-03-04 15:24:10	MarkDuplicates	Read 13 records. 0 pairs never matched.
INFO	2026-03-04 15:24:10	MarkDuplicates	After buildSortedReadEndLists freeMemory: 1699671888; totalMemory: 3758096384; maxMemory: 34359738368
INFO	2026-03-04 15:24:10	MarkDuplicates	Will retain up to 1073741824 duplicate indices before spilling to disk.
INFO	2026-03-04 15:24:12	MarkDuplicates	Traversing read pair information and detecting duplicates.
INFO	2026-03-04 15:24:12	MarkDuplicates	Traversing fragment information and detecting duplicates.
INFO	2026-03-04 15:24:12	MarkDuplicates	Sorting list of duplicate records.
INFO	2026-03-04 15:24:12	MarkDuplicates	After generateDuplicateIndexes freeMemory: 9467521360; totalMemory: 18119393280; maxMemory: 34359738368
INFO	2026-03-04 15:24:12	MarkDuplicates	Marking 0 records as duplicates.
INFO	2026-03-04 15:24:12	MarkDuplicates	Found 0 optical duplicate clusters.
INFO	2026-03-04 15:24:12	MarkDuplicates	Reads are assumed to be ordered by: coordinate
INFO	2026-03-04 15:24:12	MarkDuplicates	Writing complete. Closing input iterator.
INFO	2026-03-04 15:24:12	MarkDuplicates	Duplicate Index cleanup.
INFO	2026-03-04 15:24:12	MarkDuplicates	Getting Memory Stats.
INFO	2026-03-04 15:24:12	MarkDuplicates	Before output close freeMemory: 1021575072; totalMemory: 1073741824; maxMemory: 34359738368
INFO	2026-03-04 15:24:12	MarkDuplicates	Closed outputs. Getting more Memory Stats.
INFO	2026-03-04 15:24:12	MarkDuplicates	After output close freeMemory: 350494872; totalMemory: 402653184; maxMemory: 34359738368
[Wed Mar 04 15:24:12 EST 2026] picard.sam.markduplicates.MarkDuplicates done. Elapsed time: 0.05 minutes.
Runtime.totalMemory()=402653184
Tool returned:
0
Step 2: Add or Replace Read Groups
Using GATK jar /mnt/vstor/SOM_GENE_BEG33/fossil-c/bigdata/gatk/gatk-4.6.2.0/gatk-package-4.6.2.0-local.jar
Running:
    java -Dsamjdk.use_async_io_read_samtools=false -Dsamjdk.use_async_io_write_samtools=true -Dsamjdk.use_async_io_write_tribble=false -Dsamjdk.compression_level=2 -Xmx16G -jar /mnt/vstor/SOM_GENE_BEG33/fossil-c/bigdata/gatk/gatk-4.6.2.0/gatk-package-4.6.2.0-local.jar AddOrReplaceReadGroups -I /home/hxk728/git/fossil-c/data/joe/bwa_results/FHU_D16_B03p_no-hit@Brachy_cells_scaffolds_len10k.dedup.bam -O /home/hxk728/git/fossil-c/data/joe/bwa_results/FHU_D16_B03p_no-hit@Brachy_cells_scaffolds_len10k.dedup.rg.bam -RGID FHU_D16_B03p_no-hit@Brachy_cells_scaffolds_len10k -RGLB lib1 -RGPL illumina -RGPU unit1 -RGSM FHU_D16_B03p_no-hit@Brachy_cells_scaffolds_len10k
15:24:14.262 INFO  NativeLibraryLoader - Loading libgkl_compression.so from jar:file:/mnt/vstor/SOM_GENE_BEG33/fossil-c/bigdata/gatk/gatk-4.6.2.0/gatk-package-4.6.2.0-local.jar!/com/intel/gkl/native/libgkl_compression.so
[Wed Mar 04 15:24:14 EST 2026] AddOrReplaceReadGroups --INPUT /home/hxk728/git/fossil-c/data/joe/bwa_results/FHU_D16_B03p_no-hit@Brachy_cells_scaffolds_len10k.dedup.bam --OUTPUT /home/hxk728/git/fossil-c/data/joe/bwa_results/FHU_D16_B03p_no-hit@Brachy_cells_scaffolds_len10k.dedup.rg.bam --RGID FHU_D16_B03p_no-hit@Brachy_cells_scaffolds_len10k --RGLB lib1 --RGPL illumina --RGPU unit1 --RGSM FHU_D16_B03p_no-hit@Brachy_cells_scaffolds_len10k --VERBOSITY INFO --QUIET false --VALIDATION_STRINGENCY STRICT --COMPRESSION_LEVEL 2 --MAX_RECORDS_IN_RAM 500000 --CREATE_INDEX false --CREATE_MD5_FILE false --help false --version false --showHidden false --USE_JDK_DEFLATER false --USE_JDK_INFLATER false
[Wed Mar 04 15:24:14 EST 2026] Executing as hxk728@compt361 on Linux 4.18.0-553.el8_10.x86_64 amd64; OpenJDK 64-Bit Server VM 17.0.15-internal+0-adhoc..src; Deflater: Intel; Inflater: Intel; Provider GCS is available; Picard version: Version:4.6.2.0
INFO	2026-03-04 15:24:14	AddOrReplaceReadGroups	Created read-group ID=FHU_D16_B03p_no-hit@Brachy_cells_scaffolds_len10k PL=illumina LB=lib1 SM=FHU_D16_B03p_no-hit@Brachy_cells_scaffolds_len10k

[Wed Mar 04 15:24:14 EST 2026] picard.sam.AddOrReplaceReadGroups done. Elapsed time: 0.01 minutes.
Runtime.totalMemory()=637534208
Tool returned:
0
Step 3: Index BAM
Step 4: HaplotypeCaller (GVCF mode)
Using GATK jar /mnt/vstor/SOM_GENE_BEG33/fossil-c/bigdata/gatk/gatk-4.6.2.0/gatk-package-4.6.2.0-local.jar
Running:
    java -Dsamjdk.use_async_io_read_samtools=false -Dsamjdk.use_async_io_write_samtools=true -Dsamjdk.use_async_io_write_tribble=false -Dsamjdk.compression_level=2 -Xmx32G -jar /mnt/vstor/SOM_GENE_BEG33/fossil-c/bigdata/gatk/gatk-4.6.2.0/gatk-package-4.6.2.0-local.jar HaplotypeCaller -R /mnt/vstor/SOM_GENE_BEG33/fossil-c/bigdata/bwa/idx/Brachy_cells_scaffolds_len10k.fa -I /home/hxk728/git/fossil-c/data/joe/bwa_results/FHU_D16_B03p_no-hit@Brachy_cells_scaffolds_len10k.dedup.rg.bam -O /home/hxk728/git/fossil-c/data/joe/bwa_results/FHU_D16_B03p_no-hit@Brachy_cells_scaffolds_len10k.g.vcf.gz -ERC GVCF --sample-name FHU_D16_B03p_no-hit@Brachy_cells_scaffolds_len10k --native-pair-hmm-threads 16 --bam-output /home/hxk728/git/fossil-c/data/joe/bwa_results/FHU_D16_B03p_no-hit@Brachy_cells_scaffolds_len10k.final.bam
15:24:16.214 INFO  NativeLibraryLoader - Loading libgkl_compression.so from jar:file:/mnt/vstor/SOM_GENE_BEG33/fossil-c/bigdata/gatk/gatk-4.6.2.0/gatk-package-4.6.2.0-local.jar!/com/intel/gkl/native/libgkl_compression.so
15:24:16.350 INFO  HaplotypeCaller - ------------------------------------------------------------
15:24:16.352 INFO  HaplotypeCaller - The Genome Analysis Toolkit (GATK) v4.6.2.0
15:24:16.352 INFO  HaplotypeCaller - For support and documentation go to https://software.broadinstitute.org/gatk/
15:24:16.352 INFO  HaplotypeCaller - Executing as hxk728@compt361 on Linux v4.18.0-553.el8_10.x86_64 amd64
15:24:16.352 INFO  HaplotypeCaller - Java runtime: OpenJDK 64-Bit Server VM v17.0.15-internal+0-adhoc..src
15:24:16.352 INFO  HaplotypeCaller - Start Date/Time: March 4, 2026 at 3:24:16 PM EST
15:24:16.352 INFO  HaplotypeCaller - ------------------------------------------------------------
15:24:16.352 INFO  HaplotypeCaller - ------------------------------------------------------------
15:24:16.353 INFO  HaplotypeCaller - HTSJDK Version: 4.2.0
15:24:16.353 INFO  HaplotypeCaller - Picard Version: 3.4.0
15:24:16.353 INFO  HaplotypeCaller - Built for Spark Version: 3.5.0
15:24:16.354 INFO  HaplotypeCaller - HTSJDK Defaults.COMPRESSION_LEVEL : 2
15:24:16.355 INFO  HaplotypeCaller - HTSJDK Defaults.USE_ASYNC_IO_READ_FOR_SAMTOOLS : false
15:24:16.356 INFO  HaplotypeCaller - HTSJDK Defaults.USE_ASYNC_IO_WRITE_FOR_SAMTOOLS : true
15:24:16.356 INFO  HaplotypeCaller - HTSJDK Defaults.USE_ASYNC_IO_WRITE_FOR_TRIBBLE : false
15:24:16.356 INFO  HaplotypeCaller - Deflater: IntelDeflater
15:24:16.356 INFO  HaplotypeCaller - Inflater: IntelInflater
15:24:16.356 INFO  HaplotypeCaller - GCS max retries/reopens: 20
15:24:16.356 INFO  HaplotypeCaller - Requester pays: disabled
15:24:16.356 INFO  HaplotypeCaller - Initializing engine
15:24:17.082 INFO  HaplotypeCaller - Done initializing engine
15:24:17.087 INFO  HaplotypeCallerEngine - Tool is in reference confidence mode and the annotation, the following changes will be made to any specified annotations: 'StrandBiasBySample' will be enabled. 'ChromosomeCounts', 'FisherStrand', 'StrandOddsRatio' and 'QualByDepth' annotations have been disabled
15:24:17.391 INFO  NativeLibraryLoader - Loading libgkl_utils.so from jar:file:/mnt/vstor/SOM_GENE_BEG33/fossil-c/bigdata/gatk/gatk-4.6.2.0/gatk-package-4.6.2.0-local.jar!/com/intel/gkl/native/libgkl_utils.so
15:24:17.394 INFO  NativeLibraryLoader - Loading libgkl_smithwaterman.so from jar:file:/mnt/vstor/SOM_GENE_BEG33/fossil-c/bigdata/gatk/gatk-4.6.2.0/gatk-package-4.6.2.0-local.jar!/com/intel/gkl/native/libgkl_smithwaterman.so
15:24:17.394 INFO  IntelSmithWaterman - Using CPU-supported AVX-512 instructions
15:24:17.394 INFO  SmithWatermanAligner - Using AVX accelerated SmithWaterman implementation
15:24:17.397 INFO  HaplotypeCallerEngine - Standard Emitting and Calling confidence set to -0.0 for reference-model confidence output
15:24:17.397 INFO  HaplotypeCallerEngine - All sites annotated with PLs forced to true for reference-model confidence output
15:24:17.537 INFO  NativeLibraryLoader - Loading libgkl_pairhmm_omp.so from jar:file:/mnt/vstor/SOM_GENE_BEG33/fossil-c/bigdata/gatk/gatk-4.6.2.0/gatk-package-4.6.2.0-local.jar!/com/intel/gkl/native/libgkl_pairhmm_omp.so
15:24:17.556 INFO  IntelPairHmm - Using CPU-supported AVX-512 instructions
15:24:17.556 INFO  IntelPairHmm - Flush-to-zero (FTZ) is enabled when running PairHMM
15:24:17.556 INFO  IntelPairHmm - Available threads: 24
15:24:17.556 INFO  IntelPairHmm - Requested threads: 16
15:24:17.556 INFO  PairHMM - Using the OpenMP multi-threaded AVX-accelerated native PairHMM implementation
15:24:17.674 INFO  ProgressMeter - Starting traversal
15:24:17.675 INFO  ProgressMeter -        Current Locus  Elapsed Minutes     Regions Processed   Regions/Minute
15:24:27.679 INFO  ProgressMeter - NODE_122_length_125664_cov_13.251113:12901              0.2                 71980         431880.0
15:24:37.676 INFO  ProgressMeter - NODE_350_length_85783_cov_15.393804:40201              0.3                149550         448650.0
15:24:47.676 INFO  ProgressMeter - NODE_659_length_67364_cov_12.547416:35701              0.5                227270         454540.0
15:24:57.675 INFO  ProgressMeter - NODE_1045_length_54447_cov_15.813079:15301              0.7                305030         457545.0
15:25:07.675 INFO  ProgressMeter - NODE_1494_length_45972_cov_27.119498:28801              0.8                379960         455952.0
15:25:17.675 INFO  ProgressMeter - NODE_2011_length_39742_cov_9.907073:8401              1.0                453760         453760.0
15:25:27.675 INFO  ProgressMeter - NODE_2615_length_34371_cov_9.427964:27001              1.2                528300         452828.6
15:25:37.675 INFO  ProgressMeter - NODE_3307_length_30284_cov_56.772239:25801              1.3                602960         452220.0
15:25:47.676 INFO  ProgressMeter - NODE_4089_length_26848_cov_19.466241:20401              1.5                677670         451775.0
15:25:57.676 INFO  ProgressMeter - NODE_4960_length_24027_cov_6.394418:2701              1.7                751890         451129.5
15:26:07.677 INFO  ProgressMeter - NODE_5929_length_21591_cov_4.732634:2101              1.8                825930         450499.1
15:26:17.677 INFO  ProgressMeter - NODE_7005_length_19390_cov_11.669046:8701              2.0                899900         449942.5
15:26:27.677 INFO  ProgressMeter - NODE_8185_length_17618_cov_6.694528:5101              2.2                973180         449153.1
15:26:37.678 INFO  ProgressMeter - NODE_9489_length_15940_cov_9.512559:9301              2.3               1046530         448506.4
15:26:47.677 INFO  ProgressMeter - NODE_10925_length_14481_cov_76.510606:601              2.5               1119850         447934.0
15:26:57.678 INFO  ProgressMeter - NODE_12495_length_13170_cov_14.751201:1501              2.7               1192860         447314.1
15:27:07.678 INFO  ProgressMeter - NODE_14207_length_12074_cov_4.857559:8401              2.8               1265720         446716.8
15:27:17.678 INFO  ProgressMeter - NODE_16075_length_10997_cov_4.593127:7501              3.0               1338380         446119.2
15:27:27.678 INFO  ProgressMeter - NODE_18122_length_10064_cov_7.861025:5401              3.2               1411090         445600.3
15:27:28.395 INFO  HaplotypeCaller - 0 read(s) filtered by: MappingQualityReadFilter 
0 read(s) filtered by: MappingQualityAvailableReadFilter 
0 read(s) filtered by: MappedReadFilter 
0 read(s) filtered by: NotSecondaryAlignmentReadFilter 
0 read(s) filtered by: NotDuplicateReadFilter 
0 read(s) filtered by: PassesVendorQualityCheckReadFilter 
0 read(s) filtered by: NonZeroReferenceLengthAlignmentReadFilter 
0 read(s) filtered by: GoodCigarReadFilter 
0 read(s) filtered by: WellformedReadFilter 
0 total reads filtered out of 13 reads processed
15:27:28.395 INFO  ProgressMeter - NODE_18275_length_10001_cov_10.324251:7801              3.2               1416307         445566.4
15:27:28.395 INFO  ProgressMeter - Traversal complete. Processed 1416307 total regions in 3.2 minutes.
15:27:28.566 INFO  VectorLoglessPairHMM - Time spent in setup for JNI call : 0.0
15:27:28.566 INFO  PairHMM - Total compute time in PairHMM computeLogLikelihoods() : 0.0
15:27:28.567 INFO  SmithWatermanAligner - Total compute time in native Smith-Waterman : 0.00 sec
15:27:29.223 INFO  HaplotypeCaller - Shutting down engine
[March 4, 2026 at 3:27:29 PM EST] org.broadinstitute.hellbender.tools.walkers.haplotypecaller.HaplotypeCaller done. Elapsed time: 3.22 minutes.
Runtime.totalMemory()=2516582400
Done! Output GVCF: /home/hxk728/git/fossil-c/data/joe/bwa_results/FHU_D16_B03p_no-hit@Brachy_cells_scaffolds_len10k.g.vcf.gz
Done! Output BAM: /home/hxk728/git/fossil-c/data/joe/bwa_results/FHU_D16_B03p_no-hit@Brachy_cells_scaffolds_len10k.final.bam
