[bwa_aln] 17bp reads: max_diff = 2
[bwa_aln] 22bp reads: max_diff = 3
[bwa_aln] 42bp reads: max_diff = 4
[bwa_aln] 64bp reads: max_diff = 5
[bwa_aln] 90bp reads: max_diff = 6
[bwa_aln] 117bp reads: max_diff = 7
[bwa_aln] 146bp reads: max_diff = 8
[bwa_aln] 176bp reads: max_diff = 9
[bwa_aln] 207bp reads: max_diff = 10
[bwa_aln] 239bp reads: max_diff = 11
[bwa_aln_core] calculate SA coordinate... 6.22 sec
[bwa_aln_core] write to the disk... 0.00 sec
[bwa_aln_core] 4555 sequences have been processed.
[main] Version: 0.7.19-r1273
[main] CMD: bwa aln -t 24 -n 0.01 -l 1000 -o 2 /mnt/vstor/SOM_GENE_BEG33/fossil-c/bigdata/bwa/idx/Brachy_cells_scaffolds_len10k.fa /home/hxk728/git/fossil-c/data/joe/FHU_D16_B05p_no-hit.fastq
[main] Real time: 1.943 sec; CPU: 6.509 sec
[bwa_aln_core] convert to sequence coordinate... 0.33 sec
[bwa_aln_core] refine gapped alignments... 0.07 sec
[bwa_aln_core] print alignments... 0.00 sec
[bwa_aln_core] 4555 sequences have been processed.
[main] Version: 0.7.19-r1273
[main] CMD: bwa samse -f /home/hxk728/git/fossil-c/data/joe/bwa_results/FHU_D16_B05p_no-hit@Brachy_cells_scaffolds_len10k.sam /mnt/vstor/SOM_GENE_BEG33/fossil-c/bigdata/bwa/idx/Brachy_cells_scaffolds_len10k.fa /home/hxk728/git/fossil-c/data/joe/bwa_results/FHU_D16_B05p_no-hit@Brachy_cells_scaffolds_len10k.sai /home/hxk728/git/fossil-c/data/joe/FHU_D16_B05p_no-hit.fastq
[main] Real time: 0.831 sec; CPU: 0.438 sec
Step 1: Mark Duplicates
Using GATK jar /mnt/vstor/SOM_GENE_BEG33/fossil-c/bigdata/gatk/gatk-4.6.2.0/gatk-package-4.6.2.0-local.jar
Running:
    java -Dsamjdk.use_async_io_read_samtools=false -Dsamjdk.use_async_io_write_samtools=true -Dsamjdk.use_async_io_write_tribble=false -Dsamjdk.compression_level=2 -Xmx32G -jar /mnt/vstor/SOM_GENE_BEG33/fossil-c/bigdata/gatk/gatk-4.6.2.0/gatk-package-4.6.2.0-local.jar MarkDuplicates -I /home/hxk728/git/fossil-c/data/joe/bwa_results/FHU_D16_B05p_no-hit@Brachy_cells_scaffolds_len10k.bam -O /home/hxk728/git/fossil-c/data/joe/bwa_results/FHU_D16_B05p_no-hit@Brachy_cells_scaffolds_len10k.dedup.bam -M /home/hxk728/git/fossil-c/data/joe/bwa_results/FHU_D16_B05p_no-hit@Brachy_cells_scaffolds_len10k.dedup.metrics.txt --REMOVE_DUPLICATES true
15:28:03.086 INFO  NativeLibraryLoader - Loading libgkl_compression.so from jar:file:/mnt/vstor/SOM_GENE_BEG33/fossil-c/bigdata/gatk/gatk-4.6.2.0/gatk-package-4.6.2.0-local.jar!/com/intel/gkl/native/libgkl_compression.so
[Wed Mar 04 15:28:03 EST 2026] MarkDuplicates --INPUT /home/hxk728/git/fossil-c/data/joe/bwa_results/FHU_D16_B05p_no-hit@Brachy_cells_scaffolds_len10k.bam --OUTPUT /home/hxk728/git/fossil-c/data/joe/bwa_results/FHU_D16_B05p_no-hit@Brachy_cells_scaffolds_len10k.dedup.bam --METRICS_FILE /home/hxk728/git/fossil-c/data/joe/bwa_results/FHU_D16_B05p_no-hit@Brachy_cells_scaffolds_len10k.dedup.metrics.txt --REMOVE_DUPLICATES true --MAX_SEQUENCES_FOR_DISK_READ_ENDS_MAP 50000 --MAX_FILE_HANDLES_FOR_READ_ENDS_MAP 8000 --SORTING_COLLECTION_SIZE_RATIO 0.25 --TAG_DUPLICATE_SET_MEMBERS false --REMOVE_SEQUENCING_DUPLICATES false --TAGGING_POLICY DontTag --CLEAR_DT true --DUPLEX_UMI false --FLOW_MODE false --FLOW_DUP_STRATEGY FLOW_QUALITY_SUM_STRATEGY --FLOW_USE_END_IN_UNPAIRED_READS false --FLOW_USE_UNPAIRED_CLIPPED_END false --FLOW_UNPAIRED_END_UNCERTAINTY 0 --FLOW_UNPAIRED_START_UNCERTAINTY 0 --FLOW_SKIP_FIRST_N_FLOWS 0 --FLOW_Q_IS_KNOWN_END false --FLOW_EFFECTIVE_QUALITY_THRESHOLD 15 --ADD_PG_TAG_TO_READS true --ASSUME_SORTED false --DUPLICATE_SCORING_STRATEGY SUM_OF_BASE_QUALITIES --PROGRAM_RECORD_ID MarkDuplicates --PROGRAM_GROUP_NAME MarkDuplicates --READ_NAME_REGEX <optimized capture of last three ':' separated fields as numeric values> --OPTICAL_DUPLICATE_PIXEL_DISTANCE 100 --MAX_OPTICAL_DUPLICATE_SET_SIZE 300000 --VERBOSITY INFO --QUIET false --VALIDATION_STRINGENCY STRICT --COMPRESSION_LEVEL 2 --MAX_RECORDS_IN_RAM 500000 --CREATE_INDEX false --CREATE_MD5_FILE false --help false --version false --showHidden false --USE_JDK_DEFLATER false --USE_JDK_INFLATER false
[Wed Mar 04 15:28:03 EST 2026] Executing as hxk728@compt283 on Linux 4.18.0-553.el8_10.x86_64 amd64; OpenJDK 64-Bit Server VM 17.0.15-internal+0-adhoc..src; Deflater: Intel; Inflater: Intel; Provider GCS is available; Picard version: Version:4.6.2.0
INFO	2026-03-04 15:28:03	MarkDuplicates	Start of doWork freeMemory: 87117184; totalMemory: 117440512; maxMemory: 34359738368
INFO	2026-03-04 15:28:03	MarkDuplicates	Reading input file and constructing read end information.
INFO	2026-03-04 15:28:03	MarkDuplicates	Will retain up to 124491805 data points before spilling to disk.
WARNING	2026-03-04 15:28:04	AbstractOpticalDuplicateFinderCommandLineProgram	Default READ_NAME_REGEX '<optimized capture of last three ':' separated fields as numeric values>' did not match read name '38ea1c38-d8cf-463f-ad54-277bf9d4dd6e'.  You may need to specify a READ_NAME_REGEX in order to correctly identify optical duplicates.  Note that this message will not be emitted again even if other read names do not match the regex.
INFO	2026-03-04 15:28:04	MarkDuplicates	Read 5 records. 0 pairs never matched.
INFO	2026-03-04 15:28:05	MarkDuplicates	After buildSortedReadEndLists freeMemory: 1699672608; totalMemory: 3758096384; maxMemory: 34359738368
INFO	2026-03-04 15:28:05	MarkDuplicates	Will retain up to 1073741824 duplicate indices before spilling to disk.
INFO	2026-03-04 15:28:11	MarkDuplicates	Traversing read pair information and detecting duplicates.
INFO	2026-03-04 15:28:11	MarkDuplicates	Traversing fragment information and detecting duplicates.
INFO	2026-03-04 15:28:11	MarkDuplicates	Sorting list of duplicate records.
INFO	2026-03-04 15:28:11	MarkDuplicates	After generateDuplicateIndexes freeMemory: 9467521232; totalMemory: 18119393280; maxMemory: 34359738368
INFO	2026-03-04 15:28:11	MarkDuplicates	Marking 0 records as duplicates.
INFO	2026-03-04 15:28:11	MarkDuplicates	Found 0 optical duplicate clusters.
INFO	2026-03-04 15:28:11	MarkDuplicates	Reads are assumed to be ordered by: coordinate
INFO	2026-03-04 15:28:11	MarkDuplicates	Writing complete. Closing input iterator.
INFO	2026-03-04 15:28:11	MarkDuplicates	Duplicate Index cleanup.
INFO	2026-03-04 15:28:11	MarkDuplicates	Getting Memory Stats.
INFO	2026-03-04 15:28:11	MarkDuplicates	Before output close freeMemory: 1016547016; totalMemory: 1073741824; maxMemory: 34359738368
INFO	2026-03-04 15:28:11	MarkDuplicates	Closed outputs. Getting more Memory Stats.
INFO	2026-03-04 15:28:11	MarkDuplicates	After output close freeMemory: 349824832; totalMemory: 402653184; maxMemory: 34359738368
[Wed Mar 04 15:28:11 EST 2026] picard.sam.markduplicates.MarkDuplicates done. Elapsed time: 0.15 minutes.
Runtime.totalMemory()=402653184
Tool returned:
0
Step 2: Add or Replace Read Groups
Using GATK jar /mnt/vstor/SOM_GENE_BEG33/fossil-c/bigdata/gatk/gatk-4.6.2.0/gatk-package-4.6.2.0-local.jar
Running:
    java -Dsamjdk.use_async_io_read_samtools=false -Dsamjdk.use_async_io_write_samtools=true -Dsamjdk.use_async_io_write_tribble=false -Dsamjdk.compression_level=2 -Xmx16G -jar /mnt/vstor/SOM_GENE_BEG33/fossil-c/bigdata/gatk/gatk-4.6.2.0/gatk-package-4.6.2.0-local.jar AddOrReplaceReadGroups -I /home/hxk728/git/fossil-c/data/joe/bwa_results/FHU_D16_B05p_no-hit@Brachy_cells_scaffolds_len10k.dedup.bam -O /home/hxk728/git/fossil-c/data/joe/bwa_results/FHU_D16_B05p_no-hit@Brachy_cells_scaffolds_len10k.dedup.rg.bam -RGID FHU_D16_B05p_no-hit@Brachy_cells_scaffolds_len10k -RGLB lib1 -RGPL illumina -RGPU unit1 -RGSM FHU_D16_B05p_no-hit@Brachy_cells_scaffolds_len10k
15:28:14.507 INFO  NativeLibraryLoader - Loading libgkl_compression.so from jar:file:/mnt/vstor/SOM_GENE_BEG33/fossil-c/bigdata/gatk/gatk-4.6.2.0/gatk-package-4.6.2.0-local.jar!/com/intel/gkl/native/libgkl_compression.so
[Wed Mar 04 15:28:14 EST 2026] AddOrReplaceReadGroups --INPUT /home/hxk728/git/fossil-c/data/joe/bwa_results/FHU_D16_B05p_no-hit@Brachy_cells_scaffolds_len10k.dedup.bam --OUTPUT /home/hxk728/git/fossil-c/data/joe/bwa_results/FHU_D16_B05p_no-hit@Brachy_cells_scaffolds_len10k.dedup.rg.bam --RGID FHU_D16_B05p_no-hit@Brachy_cells_scaffolds_len10k --RGLB lib1 --RGPL illumina --RGPU unit1 --RGSM FHU_D16_B05p_no-hit@Brachy_cells_scaffolds_len10k --VERBOSITY INFO --QUIET false --VALIDATION_STRINGENCY STRICT --COMPRESSION_LEVEL 2 --MAX_RECORDS_IN_RAM 500000 --CREATE_INDEX false --CREATE_MD5_FILE false --help false --version false --showHidden false --USE_JDK_DEFLATER false --USE_JDK_INFLATER false
[Wed Mar 04 15:28:14 EST 2026] Executing as hxk728@compt283 on Linux 4.18.0-553.el8_10.x86_64 amd64; OpenJDK 64-Bit Server VM 17.0.15-internal+0-adhoc..src; Deflater: Intel; Inflater: Intel; Provider GCS is available; Picard version: Version:4.6.2.0
INFO	2026-03-04 15:28:14	AddOrReplaceReadGroups	Created read-group ID=FHU_D16_B05p_no-hit@Brachy_cells_scaffolds_len10k PL=illumina LB=lib1 SM=FHU_D16_B05p_no-hit@Brachy_cells_scaffolds_len10k

[Wed Mar 04 15:28:15 EST 2026] picard.sam.AddOrReplaceReadGroups done. Elapsed time: 0.01 minutes.
Runtime.totalMemory()=637534208
Tool returned:
0
Step 3: Index BAM
Step 4: HaplotypeCaller (GVCF mode)
Using GATK jar /mnt/vstor/SOM_GENE_BEG33/fossil-c/bigdata/gatk/gatk-4.6.2.0/gatk-package-4.6.2.0-local.jar
Running:
    java -Dsamjdk.use_async_io_read_samtools=false -Dsamjdk.use_async_io_write_samtools=true -Dsamjdk.use_async_io_write_tribble=false -Dsamjdk.compression_level=2 -Xmx32G -jar /mnt/vstor/SOM_GENE_BEG33/fossil-c/bigdata/gatk/gatk-4.6.2.0/gatk-package-4.6.2.0-local.jar HaplotypeCaller -R /mnt/vstor/SOM_GENE_BEG33/fossil-c/bigdata/bwa/idx/Brachy_cells_scaffolds_len10k.fa -I /home/hxk728/git/fossil-c/data/joe/bwa_results/FHU_D16_B05p_no-hit@Brachy_cells_scaffolds_len10k.dedup.rg.bam -O /home/hxk728/git/fossil-c/data/joe/bwa_results/FHU_D16_B05p_no-hit@Brachy_cells_scaffolds_len10k.g.vcf.gz -ERC GVCF --sample-name FHU_D16_B05p_no-hit@Brachy_cells_scaffolds_len10k --native-pair-hmm-threads 16 --bam-output /home/hxk728/git/fossil-c/data/joe/bwa_results/FHU_D16_B05p_no-hit@Brachy_cells_scaffolds_len10k.final.bam
15:28:17.600 INFO  NativeLibraryLoader - Loading libgkl_compression.so from jar:file:/mnt/vstor/SOM_GENE_BEG33/fossil-c/bigdata/gatk/gatk-4.6.2.0/gatk-package-4.6.2.0-local.jar!/com/intel/gkl/native/libgkl_compression.so
15:28:17.807 INFO  HaplotypeCaller - ------------------------------------------------------------
15:28:17.812 INFO  HaplotypeCaller - The Genome Analysis Toolkit (GATK) v4.6.2.0
15:28:17.812 INFO  HaplotypeCaller - For support and documentation go to https://software.broadinstitute.org/gatk/
15:28:17.812 INFO  HaplotypeCaller - Executing as hxk728@compt283 on Linux v4.18.0-553.el8_10.x86_64 amd64
15:28:17.813 INFO  HaplotypeCaller - Java runtime: OpenJDK 64-Bit Server VM v17.0.15-internal+0-adhoc..src
15:28:17.813 INFO  HaplotypeCaller - Start Date/Time: March 4, 2026 at 3:28:17 PM EST
15:28:17.813 INFO  HaplotypeCaller - ------------------------------------------------------------
15:28:17.813 INFO  HaplotypeCaller - ------------------------------------------------------------
15:28:17.814 INFO  HaplotypeCaller - HTSJDK Version: 4.2.0
15:28:17.814 INFO  HaplotypeCaller - Picard Version: 3.4.0
15:28:17.814 INFO  HaplotypeCaller - Built for Spark Version: 3.5.0
15:28:17.817 INFO  HaplotypeCaller - HTSJDK Defaults.COMPRESSION_LEVEL : 2
15:28:17.817 INFO  HaplotypeCaller - HTSJDK Defaults.USE_ASYNC_IO_READ_FOR_SAMTOOLS : false
15:28:17.817 INFO  HaplotypeCaller - HTSJDK Defaults.USE_ASYNC_IO_WRITE_FOR_SAMTOOLS : true
15:28:17.818 INFO  HaplotypeCaller - HTSJDK Defaults.USE_ASYNC_IO_WRITE_FOR_TRIBBLE : false
15:28:17.818 INFO  HaplotypeCaller - Deflater: IntelDeflater
15:28:17.818 INFO  HaplotypeCaller - Inflater: IntelInflater
15:28:17.818 INFO  HaplotypeCaller - GCS max retries/reopens: 20
15:28:17.818 INFO  HaplotypeCaller - Requester pays: disabled
15:28:17.819 INFO  HaplotypeCaller - Initializing engine
15:28:18.916 INFO  HaplotypeCaller - Done initializing engine
15:28:18.920 INFO  HaplotypeCallerEngine - Tool is in reference confidence mode and the annotation, the following changes will be made to any specified annotations: 'StrandBiasBySample' will be enabled. 'ChromosomeCounts', 'FisherStrand', 'StrandOddsRatio' and 'QualByDepth' annotations have been disabled
15:28:19.394 INFO  NativeLibraryLoader - Loading libgkl_utils.so from jar:file:/mnt/vstor/SOM_GENE_BEG33/fossil-c/bigdata/gatk/gatk-4.6.2.0/gatk-package-4.6.2.0-local.jar!/com/intel/gkl/native/libgkl_utils.so
15:28:19.398 INFO  NativeLibraryLoader - Loading libgkl_smithwaterman.so from jar:file:/mnt/vstor/SOM_GENE_BEG33/fossil-c/bigdata/gatk/gatk-4.6.2.0/gatk-package-4.6.2.0-local.jar!/com/intel/gkl/native/libgkl_smithwaterman.so
15:28:19.398 INFO  SmithWatermanAligner - Using AVX accelerated SmithWaterman implementation
15:28:19.402 INFO  HaplotypeCallerEngine - Standard Emitting and Calling confidence set to -0.0 for reference-model confidence output
15:28:19.402 INFO  HaplotypeCallerEngine - All sites annotated with PLs forced to true for reference-model confidence output
15:28:19.588 INFO  NativeLibraryLoader - Loading libgkl_pairhmm_omp.so from jar:file:/mnt/vstor/SOM_GENE_BEG33/fossil-c/bigdata/gatk/gatk-4.6.2.0/gatk-package-4.6.2.0-local.jar!/com/intel/gkl/native/libgkl_pairhmm_omp.so
15:28:19.616 INFO  IntelPairHmm - Flush-to-zero (FTZ) is enabled when running PairHMM
15:28:19.616 INFO  IntelPairHmm - Available threads: 24
15:28:19.616 INFO  IntelPairHmm - Requested threads: 16
15:28:19.616 INFO  PairHMM - Using the OpenMP multi-threaded AVX-accelerated native PairHMM implementation
15:28:19.816 INFO  ProgressMeter - Starting traversal
15:28:19.817 INFO  ProgressMeter -        Current Locus  Elapsed Minutes     Regions Processed   Regions/Minute
15:28:29.823 INFO  ProgressMeter - NODE_57_length_167225_cov_9.732039:9001              0.2                 41170         247020.0
15:28:39.819 INFO  ProgressMeter - NODE_159_length_114801_cov_12.603777:108601              0.3                 87160         261466.9
15:28:49.820 INFO  ProgressMeter - NODE_297_length_90151_cov_12.979156:15001              0.5                133880         267742.2
15:28:59.821 INFO  ProgressMeter - NODE_467_length_77179_cov_24.525388:45001              0.7                181260         271869.6
15:29:09.822 INFO  ProgressMeter - NODE_670_length_66899_cov_8.617482:47701              0.8                229780         275713.9
15:29:19.823 INFO  ProgressMeter - NODE_902_length_58397_cov_10.047393:53401              1.0                278240         278216.8
15:29:29.823 INFO  ProgressMeter - NODE_1148_length_51994_cov_16.743083:4201              1.2                323310         277099.1
15:29:39.825 INFO  ProgressMeter - NODE_1411_length_47373_cov_16.348472:14101              1.3                366950         275185.0
15:29:49.827 INFO  ProgressMeter - NODE_1707_length_43220_cov_12.966292:13501              1.5                411740         274465.9
15:29:59.828 INFO  ProgressMeter - NODE_2030_length_39554_cov_10.406289:22201              1.7                456330         273767.9
15:30:09.830 INFO  ProgressMeter - NODE_2381_length_36126_cov_56.661834:8401              1.8                500670         273062.9
15:30:19.831 INFO  ProgressMeter - NODE_2764_length_33287_cov_10.695865:28501              2.0                545190         272565.5
15:30:29.831 INFO  ProgressMeter - NODE_3181_length_30929_cov_15.115761:24001              2.2                590030         272292.2
15:30:39.831 INFO  ProgressMeter - NODE_3678_length_28615_cov_5.868452:9301              2.3                639430         274014.0
15:30:49.832 INFO  ProgressMeter - NODE_4214_length_26448_cov_17.252074:4801              2.5                688790         275488.5
15:30:59.833 INFO  ProgressMeter - NODE_4795_length_24542_cov_6.565484:15001              2.7                738480         276904.0
15:31:09.834 INFO  ProgressMeter - NODE_5400_length_22861_cov_16.866263:14701              2.8                786540         277576.2
15:31:19.833 INFO  ProgressMeter - NODE_6007_length_21419_cov_6.087484:21301              3.0                831610         277178.7
15:31:29.834 INFO  ProgressMeter - NODE_6714_length_19987_cov_18.478075:19501              3.2                880690         278087.8
15:31:39.836 INFO  ProgressMeter - NODE_7470_length_18640_cov_6.776271:14701              3.3                929650         278869.9
15:31:49.835 INFO  ProgressMeter - NODE_8275_length_17476_cov_9.582171:7801              3.5                978500         279547.5
15:31:59.836 INFO  ProgressMeter - NODE_9127_length_16342_cov_7.659360:7501              3.7               1026860         280028.5
15:32:09.837 INFO  ProgressMeter - NODE_10031_length_15331_cov_11.307738:15301              3.8               1075070         280428.7
15:32:19.839 INFO  ProgressMeter - NODE_11016_length_14391_cov_3.519043:601              4.0               1124300         281049.2
15:32:29.840 INFO  ProgressMeter - NODE_12038_length_13531_cov_14.625408:601              4.2               1172300         281326.1
15:32:39.841 INFO  ProgressMeter - NODE_13136_length_12767_cov_4.907961:8701              4.3               1220860         281712.0
15:32:49.842 INFO  ProgressMeter - NODE_14291_length_12022_cov_14.301830:2101              4.5               1269140         282005.0
15:32:59.843 INFO  ProgressMeter - NODE_15521_length_11296_cov_8.199182:9901              4.7               1317530         282301.6
15:33:09.843 INFO  ProgressMeter - NODE_16840_length_10615_cov_4.511742:3001              4.8               1366300         282657.4
15:33:19.846 INFO  ProgressMeter - NODE_18217_length_10029_cov_8.577502:9901              5.0               1414330         282838.7
15:33:20.426 INFO  HaplotypeCaller - 0 read(s) filtered by: MappingQualityReadFilter 
0 read(s) filtered by: MappingQualityAvailableReadFilter 
0 read(s) filtered by: MappedReadFilter 
0 read(s) filtered by: NotSecondaryAlignmentReadFilter 
0 read(s) filtered by: NotDuplicateReadFilter 
0 read(s) filtered by: PassesVendorQualityCheckReadFilter 
0 read(s) filtered by: NonZeroReferenceLengthAlignmentReadFilter 
0 read(s) filtered by: GoodCigarReadFilter 
0 read(s) filtered by: WellformedReadFilter 
0 total reads filtered out of 5 reads processed
15:33:20.427 INFO  ProgressMeter - NODE_18275_length_10001_cov_10.324251:9301              5.0               1416302         282685.6
15:33:20.427 INFO  ProgressMeter - Traversal complete. Processed 1416302 total regions in 5.0 minutes.
15:33:20.575 INFO  VectorLoglessPairHMM - Time spent in setup for JNI call : 0.0
15:33:20.576 INFO  PairHMM - Total compute time in PairHMM computeLogLikelihoods() : 0.0
15:33:20.576 INFO  SmithWatermanAligner - Total compute time in native Smith-Waterman : 0.00 sec
15:33:21.545 INFO  HaplotypeCaller - Shutting down engine
[March 4, 2026 at 3:33:21 PM EST] org.broadinstitute.hellbender.tools.walkers.haplotypecaller.HaplotypeCaller done. Elapsed time: 5.07 minutes.
Runtime.totalMemory()=3758096384
Done! Output GVCF: /home/hxk728/git/fossil-c/data/joe/bwa_results/FHU_D16_B05p_no-hit@Brachy_cells_scaffolds_len10k.g.vcf.gz
Done! Output BAM: /home/hxk728/git/fossil-c/data/joe/bwa_results/FHU_D16_B05p_no-hit@Brachy_cells_scaffolds_len10k.final.bam
